Component: ARM Compiler 5.06 update 6 (build 750) Tool: armlink [4d35ed]

==============================================================================

Section Cross References

    startup_stm32f10x_hd.o(RESET) refers to startup_stm32f10x_hd.o(.text) for Reset_Handler
    startup_stm32f10x_hd.o(RESET) refers to stm32f10x_it.o(.text) for NMI_Handler
    startup_stm32f10x_hd.o(RESET) refers to os_cpu_a.o(.text) for PendSV_Handler
    startup_stm32f10x_hd.o(RESET) refers to delay.o(.text) for SysTick_Handler
    startup_stm32f10x_hd.o(RESET) refers to usart2.o(.text) for USART2_IRQHandler
    startup_stm32f10x_hd.o(RESET) refers to usart3.o(.text) for USART3_IRQHandler
    startup_stm32f10x_hd.o(.text) refers to startup_stm32f10x_hd.o(STACK) for __initial_sp
    startup_stm32f10x_hd.o(.text) refers to entry.o(.ARM.Collect$$$$00000000) for __main
    stm32f10x_gpio.o(.text) refers to stm32f10x_rcc.o(.text) for RCC_APB2PeriphResetCmd
    stm32f10x_rcc.o(.text) refers to stm32f10x_rcc.o(.data) for APBAHBPrescTable
    stm32f10x_tim.o(.text) refers to stm32f10x_rcc.o(.text) for RCC_APB2PeriphResetCmd
    stm32f10x_usart.o(.text) refers to stm32f10x_rcc.o(.text) for RCC_APB2PeriphResetCmd
    system_stm32f10x.o(.text) refers to system_stm32f10x.o(.data) for SystemCoreClock
    stm32f10x_adc.o(.text) refers to stm32f10x_rcc.o(.text) for RCC_APB2PeriphResetCmd
    sys.o(.text) refers to sys.o(.emb_text) for WFI_SET
    delay.o(.text) refers to os_core.o(.text) for OSIntEnter
    delay.o(.text) refers to os_time.o(.text) for OSTimeDly
    delay.o(.text) refers to delay.o(.data) for fac_us
    delay.o(.text) refers to os_core.o(.data) for OSRunning
    usart1.o(.text) refers to ffltui.o(.text) for __aeabi_ui2f
    usart1.o(.text) refers to fdiv.o(.text) for __aeabi_fdiv
    usart1.o(.text) refers to ffixui.o(.text) for __aeabi_f2uiz
    usart1.o(.text) refers to fadd.o(.text) for __aeabi_frsub
    usart1.o(.text) refers to usart1.o(.data) for __stdout
    usart2.o(.text) refers to ffltui.o(.text) for __aeabi_ui2f
    usart2.o(.text) refers to fdiv.o(.text) for __aeabi_fdiv
    usart2.o(.text) refers to ffixui.o(.text) for __aeabi_f2uiz
    usart2.o(.text) refers to fadd.o(.text) for __aeabi_frsub
    usart2.o(.text) refers to sys.o(.text) for MY_NVIC_Init
    usart2.o(.text) refers to usart2.o(.data) for USART2_RX_CNT
    usart2.o(.text) refers to usart2.o(.bss) for USART2_RX_BUF
    usart3.o(.text) refers to printfa.o(i.__0printf) for __2printf
    usart3.o(.text) refers to ffltui.o(.text) for __aeabi_ui2f
    usart3.o(.text) refers to fdiv.o(.text) for __aeabi_fdiv
    usart3.o(.text) refers to ffixui.o(.text) for __aeabi_f2uiz
    usart3.o(.text) refers to fadd.o(.text) for __aeabi_frsub
    usart3.o(.text) refers to sys.o(.text) for MY_NVIC_Init
    usart3.o(.text) refers to delay.o(.text) for delay_ms
    usart3.o(.text) refers to usart3.o(.data) for USART3_RX_CNT
    usart3.o(.text) refers to usart3.o(.bss) for USART3_RX_BUF
    beep.o(.text) refers to stm32f10x_rcc.o(.text) for RCC_APB2PeriphClockCmd
    beep.o(.text) refers to stm32f10x_gpio.o(.text) for GPIO_Init
    beep.o(.text) refers to printfa.o(i.__0printf) for __2printf
    beep.o(.text) refers to os_mbox.o(.text) for OSMboxAccept
    beep.o(.text) refers to delay.o(.text) for delay_ms
    beep.o(.text) refers to main.o(.data) for MboxSem_beep
    esp8266.o(.text) refers to os_mutex.o(.text) for OSMutexPend
    esp8266.o(.text) refers to printfa.o(i.__0printf) for __2printf
    esp8266.o(.text) refers to usart3.o(.text) for USART3_Receive_Data_No_Queue
    esp8266.o(.text) refers to delay.o(.text) for delay_ms
    esp8266.o(.text) refers to strlen.o(.text) for strlen
    esp8266.o(.text) refers to memseta.o(.text) for __aeabi_memclr
    esp8266.o(.text) refers to strstr.o(.text) for strstr
    esp8266.o(.text) refers to strcpy.o(.text) for strcpy
    esp8266.o(.text) refers to main.o(.data) for err
    esp8266.o(.text) refers to esp8266.o(.conststring) for .conststring
    main.o(.text) refers to os_sem.o(.text) for OSSemPend
    main.o(.text) refers to printfa.o(i.__0printf) for __2printf
    main.o(.text) refers to ffltui.o(.text) for __aeabi_ui2f
    main.o(.text) refers to fmul.o(.text) for __aeabi_fmul
    main.o(.text) refers to f2d.o(.text) for __aeabi_f2d
    main.o(.text) refers to communication.o(.text) for wifi_send_cmd
    main.o(.text) refers to delay.o(.text) for delay_ms
    main.o(.text) refers to leda.o(.text) for led_init
    main.o(.text) refers to keya.o(.text) for key_init
    main.o(.text) refers to stm32f10x_gpio.o(.text) for GPIO_ReadInputDataBit
    main.o(.text) refers to os_cpu_a.o(.text) for OS_CPU_SR_Save
    main.o(.text) refers to os_task.o(.text) for OSTaskCreate
    main.o(.text) refers to sys.o(.text) for Stm32_Clock_Init
    main.o(.text) refers to led.o(.text) for LED_Init
    main.o(.text) refers to usart1.o(.text) for usart1_init
    main.o(.text) refers to usart2.o(.text) for usart2_init
[...]
    errno.o(i.__aeabi_errno_addr) refers to errno.o(.data) for .data
    errno.o(i.__read_errno) refers to errno.o(.data) for .data
    errno.o(i.__set_errno) refers to errno.o(.data) for .data
    strtol.o(.text) refers to ctype_o.o(.text) for __rt_ctype_table
    strtol.o(.text) refers to _strtoul.o(.text) for _strtoul
    strtol.o(.text) refers to errno.o(i.__aeabi_errno_addr) for __aeabi_errno_addr
    dadd.o(.text) refers to llshl.o(.text) for __aeabi_llsl
    dadd.o(.text) refers to llsshr.o(.text) for __aeabi_lasr
    dadd.o(.text) refers to depilogue.o(.text) for _double_epilogue
    dmul.o(.text) refers to depilogue.o(.text) for _double_epilogue
    ddiv.o(.text) refers to depilogue.o(.text) for _double_round
    dfixul.o(.text) refers to llushr.o(.text) for __aeabi_llsr
    dfixul.o(.text) refers to llshl.o(.text) for __aeabi_llsl
    init.o(.text) refers to entry5.o(.ARM.Collect$$$$00000004) for __main_after_scatterload
    ctype_o.o(.text) refers to ctype_o.o(.constdata) for .constdata
    ctype_o.o(.constdata) refers to ctype_o.o(.constdata) for __ctype_table
    isalnum_o.o(.text) refers to ctype_o.o(.text) for __rt_ctype_table
    isalpha_o.o(.text) refers to ctype_o.o(.text) for __rt_ctype_table
    isblank_o.o(.text) refers to ctype_o.o(.constdata) for __ctype_table
    iscntrl_o.o(.text) refers to ctype_o.o(.text) for __rt_ctype_table
    isdigit_o.o(.text) refers to ctype_o.o(.text) for __rt_ctype_table
    isgraph_o.o(.text) refers to ctype_o.o(.text) for __rt_ctype_table
    islower_o.o(.text) refers to ctype_o.o(.text) for __rt_ctype_table
    isprint_o.o(.text) refers to ctype_o.o(.text) for __rt_ctype_table
    ispunct_o.o(.text) refers to ctype_o.o(.text) for __rt_ctype_table
    isspace_o.o(.text) refers to ctype_o.o(.text) for __rt_ctype_table
    isupper_o.o(.text) refers to ctype_o.o(.text) for __rt_ctype_table
    isxdigit_o.o(.text) refers to ctype_o.o(.text) for __rt_ctype_table
    _strtoul.o(.text) refers to _chval.o(.text) for _chval
    _strtoul.o(.text) refers to errno.o(i.__aeabi_errno_addr) for __aeabi_errno_addr
    depilogue.o(.text) refers to llshl.o(.text) for __aeabi_llsl
    depilogue.o(.text) refers to llushr.o(.text) for __aeabi_llsr


==============================================================================

Removing Unused input sections from the image.

    Removing startup_stm32f10x_hd.o(HEAP), (0 bytes).
    Removing stm32f10x_tim.o(.text), (3610 bytes).
    Removing stm32f10x_usart.o(.text), (1032 bytes).
    Removing system_stm32f10x.o(.text), (480 bytes).
    Removing system_stm32f10x.o(.data), (20 bytes).
    Removing stm32f10x_exti.o(.text), (284 bytes).
    Removing os_cpu_c.o(.data), (4 bytes).

7 unused section(s) (total 5430 bytes) removed from the image.

==============================================================================

Image Symbol Table

    Local Symbols

    Symbol Name                              Value     Ov Type        Size  Object(Section)

    ../clib/microlib/ctype/ctype.c           0x00000000   Number         0  isdigit_o.o ABSOLUTE
    ../clib/microlib/ctype/ctype.c           0x00000000   Number         0  ispunct_o.o ABSOLUTE
    ../clib/microlib/ctype/ctype.c           0x00000000   Number         0  ctype_o.o ABSOLUTE
    ../clib/microlib/ctype/ctype.c           0x00000000   Number         0  isalnum_o.o ABSOLUTE
    ../clib/microlib/ctype/ctype.c           0x00000000   Number         0  isalpha_o.o ABSOLUTE
    ../clib/microlib/ctype/ctype.c           0x00000000   Number         0  isgraph_o.o ABSOLUTE
    ../clib/microlib/ctype/ctype.c           0x00000000   Number         0  isblank_o.o ABSOLUTE
    ../clib/microlib/ctype/ctype.c           0x00000000   Number         0  isxdigit_o.o ABSOLUTE
    ../clib/microlib/ctype/ctype.c           0x00000000   Number         0  islower_o.o ABSOLUTE
    ../clib/microlib/ctype/ctype.c           0x00000000   Number         0  isupper_o.o ABSOLUTE
    ../clib/microlib/ctype/ctype.c           0x00000000   Number         0  isprint_o.o ABSOLUTE
    ../clib/microlib/ctype/ctype.c           0x00000000   Number         0  iscntrl_o.o ABSOLUTE
    ../clib/microlib/ctype/ctype.c           0x00000000   Number         0  isspace_o.o ABSOLUTE
    ../clib/microlib/division.c              0x00000000   Number         0  uldiv.o ABSOLUTE
    ../clib/microlib/division.c              0x00000000   Number         0  uidiv.o ABSOLUTE
    ../clib/microlib/errno.c                 0x00000000   Number         0  errno.o ABSOLUTE
    ../clib/microlib/init/entry.s            0x00000000   Number         0  entry.o ABSOLUTE
    ../clib/microlib/init/entry.s            0x00000000   Number         0  entry7a.o ABSOLUTE
    ../clib/microlib/init/entry.s            0x00000000   Number         0  entry5.o ABSOLUTE
    ../clib/microlib/init/entry.s            0x00000000   Number         0  entry8a.o ABSOLUTE
    ../clib/microlib/init/entry.s            0x00000000   Number         0  entry2.o ABSOLUTE
    ../clib/microlib/init/entry.s            0x00000000   Number         0  entry8b.o ABSOLUTE
    ../clib/microlib/init/entry.s            0x00000000   Number         0  entry9a.o ABSOLUTE
    ../clib/microlib/init/entry.s            0x00000000   Number         0  entry9b.o ABSOLUTE
    ../clib/microlib/init/entry.s            0x00000000   Number         0  entry7b.o ABSOLUTE
    ../clib/microlib/init/entry.s            0x00000000   Number         0  entry10a.o ABSOLUTE
    ../clib/microlib/init/entry.s            0x00000000   Number         0  entry10b.o ABSOLUTE
    ../clib/microlib/init/entry.s            0x00000000   Number         0  entry11a.o ABSOLUTE
    ../clib/microlib/init/entry.s            0x00000000   Number         0  entry11b.o ABSOLUTE
    ../clib/microlib/longlong.c              0x00000000   Number         0  llshl.o ABSOLUTE
    ../clib/microlib/longlong.c              0x00000000   Number         0  llushr.o ABSOLUTE
    ../clib/microlib/longlong.c              0x00000000   Number         0  llsshr.o ABSOLUTE
    ../clib/microlib/printf/printf.c         0x00000000   Number         0  printf0.o ABSOLUTE
    ../clib/microlib/printf/printf.c         0x00000000   Number         0  printfb.o ABSOLUTE
    ../clib/microlib/printf/printf.c         0x00000000   Number         0  printf3.o ABSOLUTE
    ../clib/microlib/printf/printf.c         0x00000000   Number         0  printfa.o ABSOLUTE
    ../clib/microlib/printf/printf.c         0x00000000   Number         0  printf8.o ABSOLUTE
    ../clib/microlib/printf/printf.c         0x00000000   Number         0  printf7.o ABSOLUTE
    ../clib/microlib/printf/printf.c         0x00000000   Number         0  printf6.o ABSOLUTE
    ../clib/microlib/printf/printf.c         0x00000000   Number         0  printf5.o ABSOLUTE
    ../clib/microlib/printf/printf.c         0x00000000   Number         0  printf4.o ABSOLUTE
    ../clib/microlib/printf/printf.c         0x00000000   Number         0  printf2.o ABSOLUTE
    ../clib/microlib/printf/printf.c         0x00000000   Number         0  printf1.o ABSOLUTE
    ../clib/microlib/printf/stubs.s          0x00000000   Number         0  stubs.o ABSOLUTE
    ../clib/microlib/string/memcpy.c         0x00000000   Number         0  memcpyb.o ABSOLUTE
    ../clib/microlib/string/memcpy.c         0x00000000   Number         0  memcpya.o ABSOLUTE
    ../clib/microlib/string/memset.c         0x00000000   Number         0  memseta.o ABSOLUTE
    ../clib/microlib/string/strcpy.c         0x00000000   Number         0  strcpy.o ABSOLUTE
    ../clib/microlib/string/strlen.c         0x00000000   Number         0  strlen.o ABSOLUTE
    ../clib/microlib/string/strncmp.c        0x00000000   Number         0  strncmp.o ABSOLUTE
    ../clib/microlib/string/strncpy.c        0x00000000   Number         0  strncpy.o ABSOLUTE
    ../clib/microlib/string/strstr.c         0x00000000   Number         0  strstr.o ABSOLUTE
    ../clib/microlib/stubs.s                 0x00000000   Number         0  iusefp.o ABSOLUTE
    ../clib/scanf.c                          0x00000000   Number         0  _chval.o ABSOLUTE
    ../clib/scanf.c                          0x00000000   Number         0  _strtoul.o ABSOLUTE
    ../clib/scanf.c                          0x00000000   Number         0  atoi.o ABSOLUTE
    ../clib/scanf.c                          0x00000000   Number         0  strtol.o ABSOLUTE
    ../fplib/microlib/f2d.c                  0x00000000   Number         0  f2d.o ABSOLUTE
    ../fplib/microlib/fpadd.c                0x00000000   Number         0  dadd.o ABSOLUTE
    ../fplib/microlib/fpadd.c                0x00000000   Number         0  fadd.o ABSOLUTE
    ../fplib/microlib/fpdiv.c                0x00000000   Number         0  ddiv.o ABSOLUTE
    ../fplib/microlib/fpdiv.c                0x00000000   Number         0  fdiv.o ABSOLUTE
    ../fplib/microlib/fpepilogue.c           0x00000000   Number         0  depilogue.o ABSOLUTE
    ../fplib/microlib/fpepilogue.c           0x00000000   Number         0  fepilogue.o ABSOLUTE
    ../fplib/microlib/fpfix.c                0x00000000   Number         0  dfixul.o ABSOLUTE
    ../fplib/microlib/fpfix.c                0x00000000   Number         0  ffixui.o ABSOLUTE
    ../fplib/microlib/fpflt.c                0x00000000   Number         0  ffltui.o ABSOLUTE
    ../fplib/microlib/fpmul.c                0x00000000   Number         0  dmul.o ABSOLUTE
    ../fplib/microlib/fpmul.c                0x00000000   Number         0  fmul.o ABSOLUTE
    ..\CMSIS\startup_stm32f10x_hd.s          0x00000000   Number         0  startup_stm32f10x_hd.o ABSOLUTE
    ..\CMSIS\system_stm32f10x.c              0x00000000   Number         0  system_stm32f10x.o ABSOLUTE
    ..\HARDWARE\BEEP\beep.c                  0x00000000   Number         0  beep.o ABSOLUTE
    ..\HARDWARE\ESP8266\esp8266.c            0x00000000   Number         0  esp8266.o ABSOLUTE
    ..\HARDWARE\LED\led.c                    0x00000000   Number         0  led.o ABSOLUTE
    ..\HARDWARE\USART\usart1.c               0x00000000   Number         0  usart1.o ABSOLUTE
    ..\HARDWARE\USART\usart2.c               0x00000000   Number         0  usart2.o ABSOLUTE
    ..\HARDWARE\USART\usart3.c               0x00000000   Number         0  usart3.o ABSOLUTE
    ..\LIB\src\misc.c                        0x00000000   Number         0  misc.o ABSOLUTE
    ..\LIB\src\stm32f10x_adc.c               0x00000000   Number         0  stm32f10x_adc.o ABSOLUTE
    ..\LIB\src\stm32f10x_dma.c               0x00000000   Number         0  stm32f10x_dma.o ABSOLUTE
    ..\LIB\src\stm32f10x_exti.c              0x00000000   Number         0  stm32f10x_exti.o ABSOLUTE
    ..\LIB\src\stm32f10x_gpio.c              0x00000000   Number         0  stm32f10x_gpio.o ABSOLUTE
    ..\LIB\src\stm32f10x_rcc.c               0x00000000   Number         0  stm32f10x_rcc.o ABSOLUTE
    ..\LIB\src\stm32f10x_tim.c               0x00000000   Number         0  stm32f10x_tim.o ABSOLUTE
    ..\LIB\src\stm32f10x_usart.c             0x00000000   Number         0  stm32f10x_usart.o ABSOLUTE
    ..\SYSTEM\delay\delay.c                  0x00000000   Number         0  delay.o ABSOLUTE
    ..\SYSTEM\sys\sys.c                      0x00000000   Number         0  sys.o ABSOLUTE
    ..\UCOSII\CORE\os_core.c                 0x00000000   Number         0  os_core.o ABSOLUTE
    ..\UCOSII\CORE\os_flag.c                 0x00000000   Number         0  os_flag.o ABSOLUTE
    ..\UCOSII\CORE\os_mbox.c                 0x00000000   Number         0  os_mbox.o ABSOLUTE
    ..\UCOSII\CORE\os_mem.c                  0x00000000   Number         0  os_mem.o ABSOLUTE
    ..\UCOSII\CORE\os_mutex.c                0x00000000   Number         0  os_mutex.o ABSOLUTE
    ..\UCOSII\CORE\os_q.c                    0x00000000   Number         0  os_q.o ABSOLUTE
    ..\UCOSII\CORE\os_sem.c                  0x00000000   Number         0  os_sem.o ABSOLUTE
    ..\UCOSII\CORE\os_task.c                 0x00000000   Number         0  os_task.o ABSOLUTE
    ..\UCOSII\CORE\os_time.c                 0x00000000   Number         0  os_time.o ABSOLUTE
    ..\UCOSII\CORE\os_tmr.c                  0x00000000   Number         0  os_tmr.o ABSOLUTE
    ..\UCOSII\PORT\os_cpu_a.asm              0x00000000   Number         0  os_cpu_a.o ABSOLUTE
    ..\UCOSII\PORT\os_cpu_c.c                0x00000000   Number         0  os_cpu_c.o ABSOLUTE
    ..\USER\adc.c                            0x00000000   Number         0  adc.o ABSOLUTE
    ..\USER\communication.c                  0x00000000   Number         0  communication.o ABSOLUTE
    ..\USER\keya.c                           0x00000000   Number         0  keya.o ABSOLUTE
    ..\USER\leda.c                           0x00000000   Number         0  leda.o ABSOLUTE
    ..\USER\main.c                           0x00000000   Number         0  main.o ABSOLUTE
    ..\USER\stm32f10x_it.c                   0x00000000   Number         0  stm32f10x_it.o ABSOLUTE
    ..\\SYSTEM\\sys\\sys.c                   0x00000000   Number         0  sys.o ABSOLUTE
    cdrcmple.s                               0x00000000   Number         0  cdrcmple.o ABSOLUTE
    dc.s                                     0x00000000   Number         0  dc.o ABSOLUTE
    handlers.s                               0x00000000   Number         0  handlers.o ABSOLUTE
    init.s                                   0x00000000   Number         0  init.o ABSOLUTE
    RESET                                    0x08000000   Section      304  startup_stm32f10x_hd.o(RESET)
    .ARM.Collect$$$$00000000                 0x08000130   Section        0  entry.o(.ARM.Collect$$$$00000000)
    .ARM.Collect$$$$00000001                 0x08000130   Section        4  entry2.o(.ARM.Collect$$$$00000001)
    .ARM.Collect$$$$00000004                 0x08000134   Section        4  entry5.o(.ARM.Collect$$$$00000004)
    .ARM.Collect$$$$00000008                 0x08000138   Section        0  entry7b.o(.ARM.Collect$$$$00000008)
    .ARM.Collect$$$$0000000A                 0x08000138   Section        0  entry8b.o(.ARM.Collect$$$$0000000A)
    .ARM.Collect$$$$0000000B                 0x08000138   Section        8  entry9a.o(.ARM.Collect$$$$0000000B)
    .ARM.Collect$$$$0000000D                 0x08000140   Section        0  entry10a.o(.ARM.Collect$$$$0000000D)
    .ARM.Collect$$$$0000000F                 0x08000140   Section        0  entry11a.o(.ARM.Collect$$$$0000000F)
    .ARM.Collect$$$$00002712                 0x08000140   Section        4  entry2.o(.ARM.Collect$$$$00002712)
    __lit__00000000                          0x08000140   Data           4  entry2.o(.ARM.Collect$$$$00002712)
    .emb_text                                0x08000144   Section       12  sys.o(.emb_text)
    .text                                    0x08000150   Section       48  startup_stm32f10x_hd.o(.text)
    .text                                    0x08000180   Section        0  misc.o(.text)
    .text                                    0x0800025c   Section        0  stm32f10x_gpio.o(.text)
    .text                                    0x080005b8   Section        0  stm32f10x_rcc.o(.text)
    .text                                    0x0800095c   Section        0  stm32f10x_dma.o(.text)
    .text                                    0x08000bb0   Section        0  stm32f10x_adc.o(.text)
    .text                                    0x08001000   Section        0  sys.o(.text)
    .text                                    0x080012b8   Section        0  delay.o(.text)
    .text                                    0x080013bc   Section        0  led.o(.text)
    .text                                    0x08001458   Section        0  usart1.o(.text)
    .text                                    0x08001568   Section        0  usart2.o(.text)
    .text                                    0x08001708   Section        0  usart3.o(.text)
    .text                                    0x08001988   Section        0  beep.o(.text)
    .text                                    0x08001b74   Section        0  esp8266.o(.text)
    .text                                    0x08001f50   Section        0  main.o(.text)
    .text                                    0x08002308   Section        0  stm32f10x_it.o(.text)
    .text                                    0x08002334   Section        0  adc.o(.text)
    power_nvic_config                        0x08002335   Thumb Code    32  adc.o(.text)
    power_adc_config                         0x08002355   Thumb Code   320  adc.o(.text)
    power_dma_config                         0x08002495   Thumb Code   140  adc.o(.text)
    power_gpio_config                        0x08002521   Thumb Code    24  adc.o(.text)
    power_rcc_config                         0x08002539   Thumb Code    30  adc.o(.text)
    .text                                    0x08002598   Section        0  communication.o(.text)
    .text                                    0x08002d18   Section        0  keya.o(.text)
    gpio_init                                0x08002d19   Thumb Code    24  keya.o(.text)
    rcc_init                                 0x08002d31   Thumb Code    12  keya.o(.text)
    .text                                    0x08002d58   Section        0  leda.o(.text)
    gpio_init                                0x08002d59   Thumb Code    32  leda.o(.text)
    rcc_init                                 0x08002d79   Thumb Code    12  leda.o(.text)
    .text                                    0x08002dd0   Section        0  os_core.o(.text)
    OS_InitTaskStat                          0x08002e7b   Thumb Code    52  os_core.o(.text)
    OS_InitTaskIdle                          0x08002ed1   Thumb Code    52  os_core.o(.text)
    OS_InitEventList                         0x08002f17   Thumb Code    76  os_core.o(.text)
    OS_InitTCBList                           0x08002f63   Thumb Code   106  os_core.o(.text)
    OS_InitRdyList                           0x08002fcd   Thumb Code    46  os_core.o(.text)
    OS_InitMisc                              0x08002ffb   Thumb Code    44  os_core.o(.text)
    OS_SchedNew                              0x0800306f   Thumb Code    80  os_core.o(.text)
    .text                                    0x080036e8   Section        0  os_flag.o(.text)
    OS_FlagTaskRdy                           0x0800385f   Thumb Code    86  os_flag.o(.text)
    OS_FlagBlock                             0x08003a1d   Thumb Code   156  os_flag.o(.text)
    .text                                    0x08003efc   Section        0  os_mbox.o(.text)
    .text                                    0x080042c8   Section        0  os_mutex.o(.text)
    OSMutex_RdyAtPrio                        0x080043d7   Thumb Code   118  os_mutex.o(.text)
    .text                                    0x080048c8   Section        0  os_q.o(.text)
    .text                                    0x08004eb0   Section        0  os_sem.o(.text)
    .text                                    0x0800523c   Section        0  os_task.o(.text)
    .text                                    0x08005a20   Section        0  os_time.o(.text)
    .text                                    0x08005bd4   Section      180  os_cpu_a.o(.text)
    .text                                    0x08005c88   Section        0  os_cpu_c.o(.text)
    .text                                    0x08005d36   Section        0  memcpya.o(.text)
    .text                                    0x08005d5a   Section        0  memseta.o(.text)
    .text                                    0x08005d7e   Section        0  strstr.o(.text)
    .text                                    0x08005da2   Section        0  strncpy.o(.text)
    .text                                    0x08005dba   Section        0  strlen.o(.text)
    .text                                    0x08005dc8   Section        0  strcpy.o(.text)
    .text                                    0x08005dda   Section        0  strncmp.o(.text)
    .text                                    0x08005df8   Section        0  atoi.o(.text)
    .text                                    0x08005e12   Section        0  fadd.o(.text)
    .text                                    0x08005ec2   Section        0  fmul.o(.text)
    .text                                    0x08005f26   Section        0  fdiv.o(.text)
    .text                                    0x08005fa2   Section        0  ffltui.o(.text)
    .text                                    0x08005fac   Section        0  ffixui.o(.text)
    .text                                    0x08005fd4   Section        0  f2d.o(.text)
    .text                                    0x08005ffa   Section        0  uidiv.o(.text)
    .text                                    0x08006026   Section        0  uldiv.o(.text)
    .text                                    0x08006088   Section        0  strtol.o(.text)
    .text                                    0x080060f8   Section        0  fepilogue.o(.text)
    .text                                    0x080060f8   Section        0  iusefp.o(.text)
    .text                                    0x08006166   Section        0  dadd.o(.text)
    .text                                    0x080062b4   Section        0  dmul.o(.text)
    .text                                    0x08006398   Section        0  ddiv.o(.text)
    .text                                    0x08006476   Section        0  dfixul.o(.text)
    .text                                    0x080064a8   Section       48  cdrcmple.o(.text)
    .text                                    0x080064d8   Section       36  init.o(.text)
    .text                                    0x080064fc   Section        0  llshl.o(.text)
    .text                                    0x0800651a   Section        0  llushr.o(.text)
    .text                                    0x0800653a   Section        0  llsshr.o(.text)
    .text                                    0x08006560   Section        0  ctype_o.o(.text)
    .text                                    0x08006568   Section        0  _strtoul.o(.text)
    .text                                    0x08006606   Section        0  depilogue.o(.text)
    .text                                    0x080066c0   Section        0  _chval.o(.text)
    i.__0printf                              0x080066dc   Section        0  printfa.o(i.__0printf)
    i.__0sprintf                             0x080066fc   Section        0  printfa.o(i.__0sprintf)
    i.__aeabi_errno_addr                     0x08006724   Section        0  errno.o(i.__aeabi_errno_addr)
    i.__scatterload_copy                     0x0800672c   Section       14  handlers.o(i.__scatterload_copy)
    i.__scatterload_null                     0x0800673a   Section        2  handlers.o(i.__scatterload_null)
    i.__scatterload_zeroinit                 0x0800673c   Section       14  handlers.o(i.__scatterload_zeroinit)
    i._fp_digits                             0x0800674c   Section        0  printfa.o(i._fp_digits)
    _fp_digits                               0x0800674d   Thumb Code   366  printfa.o(i._fp_digits)
    i._printf_core                           0x080068d0   Section        0  printfa.o(i._printf_core)
    _printf_core                             0x080068d1   Thumb Code  1744  printfa.o(i._printf_core)
    i._printf_post_padding                   0x08006fac   Section        0  printfa.o(i._printf_post_padding)
    _printf_post_padding                     0x08006fad   Thumb Code    36  printfa.o(i._printf_post_padding)
    i._printf_pre_padding                    0x08006fd0   Section        0  printfa.o(i._printf_pre_padding)
    _printf_pre_padding                      0x08006fd1   Thumb Code    46  printfa.o(i._printf_pre_padding)
    i._sputc                                 0x08006ffe   Section        0  printfa.o(i._sputc)
    _sputc                                   0x08006fff   Thumb Code    10  printfa.o(i._sputc)
    .constdata                               0x08007008   Section      256  os_core.o(.constdata)
    .constdata                               0x08007108   Section      129  ctype_o.o(.constdata)
    .constdata                               0x0800718c   Section        4  ctype_o.o(.constdata)
    table                                    0x0800718c   Data           4  ctype_o.o(.constdata)
    .conststring                             0x08007190   Section       67  esp8266.o(.conststring)
    .conststring                             0x080071d4   Section      218  communication.o(.conststring)
    .data                                    0x20000000   Section       20  stm32f10x_rcc.o(.data)
    APBAHBPrescTable                         0x20000000   Data          16  stm32f10x_rcc.o(.data)
    ADCPrescTable                            0x20000010   Data           4  stm32f10x_rcc.o(.data)
    .data                                    0x20000014   Section        4  delay.o(.data)
    fac_us                                   0x20000014   Data           1  delay.o(.data)
    fac_ms                                   0x20000016   Data           2  delay.o(.data)
    .data                                    0x20000018   Section        4  usart1.o(.data)
    .data                                    0x2000001c   Section        2  usart2.o(.data)
    .data                                    0x2000001e   Section        2  usart3.o(.data)
    .data                                    0x20000020   Section       20  main.o(.data)
    .data                                    0x20000034   Section        6  adc.o(.data)
    .data                                    0x2000003c   Section       68  os_core.o(.data)
    .data                                    0x20000080   Section        4  errno.o(.data)
    _errno                                   0x20000080   Data           4  errno.o(.data)
    .bss                                     0x20000084   Section     1024  usart2.o(.bss)
    .bss                                     0x20000484   Section     1024  usart3.o(.bss)
    .bss                                     0x20000888   Section    11880  main.o(.bss)
    .bss                                     0x200036f0   Section       64  adc.o(.bss)
    .bss                                     0x20003730   Section     5304  os_core.o(.bss)
    STACK                                    0x20004be8   Section     2048  startup_stm32f10x_hd.o(STACK)

    Global Symbols

    Symbol Name                              Value     Ov Type        Size  Object(Section)

    BuildAttributes$$THM_ISAv4$P$D$K$B$S$PE$A:L22UL41UL21$X:L11$S22US41US21$IEEE1$IW$USESV6$~STKCKD$USESV7$~SHL$OTIME$ROPI$EBA8$MICROLIB$REQ8$PRES8$EABIv2 0x00000000   Number         0  anon$$obj.o ABSOLUTE
    __ARM_use_no_argv                        0x00000000   Number         0  main.o ABSOLUTE
    _printf_a                                0x00000000   Number         0  stubs.o ABSOLUTE
    _printf_c                                0x00000000   Number         0  stubs.o ABSOLUTE
    _printf_charcount                        0x00000000   Number         0  stubs.o ABSOLUTE
    _printf_d                                0x00000000   Number         0  stubs.o ABSOLUTE
    _printf_e                                0x00000000   Number         0  stubs.o ABSOLUTE
    _printf_f                                0x00000000   Number         0  stubs.o ABSOLUTE
    _printf_flags                            0x00000000   Number         0  stubs.o ABSOLUTE
    _printf_fp_dec                           0x00000000   Number         0  stubs.o ABSOLUTE
    _printf_fp_hex                           0x00000000   Number         0  stubs.o ABSOLUTE
    _printf_g                                0x00000000   Number         0  stubs.o ABSOLUTE
    _printf_i                                0x00000000   Number         0  stubs.o ABSOLUTE
    _printf_int_dec                          0x00000000   Number         0  stubs.o ABSOLUTE
    _printf_l                                0x00000000   Number         0  stubs.o ABSOLUTE
    _printf_lc                               0x00000000   Number         0  stubs.o ABSOLUTE
    _printf_ll                               0x00000000   Number         0  stubs.o ABSOLUTE
    _printf_lld                              0x00000000   Number         0  stubs.o ABSOLUTE
    _printf_lli                              0x00000000   Number         0  stubs.o ABSOLUTE
    _printf_llo                              0x00000000   Number         0  stubs.o ABSOLUTE
    _printf_llu                              0x00000000   Number         0  stubs.o ABSOLUTE
    _printf_llx                              0x00000000   Number         0  stubs.o ABSOLUTE
    _printf_longlong_dec                     0x00000000   Number         0  stubs.o ABSOLUTE
    _printf_longlong_hex                     0x00000000   Number         0  stubs.o ABSOLUTE
    _printf_longlong_oct                     0x00000000   Number         0  stubs.o ABSOLUTE
    _printf_ls                               0x00000000   Number         0  stubs.o ABSOLUTE
    _printf_mbtowc                           0x00000000   Number         0  stubs.o ABSOLUTE
    _printf_n                                0x00000000   Number         0  stubs.o ABSOLUTE
    _printf_o                                0x00000000   Number         0  stubs.o ABSOLUTE
    _printf_p                                0x00000000   Number         0  stubs.o ABSOLUTE
    _printf_percent                          0x00000000   Number         0  stubs.o ABSOLUTE
    _printf_pre_padding                      0x00000000   Number         0  stubs.o ABSOLUTE
    _printf_return_value                     0x00000000   Number         0  stubs.o ABSOLUTE
    _printf_s                                0x00000000   Number         0  stubs.o ABSOLUTE
    _printf_sizespec                         0x00000000   Number         0  stubs.o ABSOLUTE
    _printf_str                              0x00000000   Number         0  stubs.o ABSOLUTE
    _printf_truncate_signed                  0x00000000   Number         0  stubs.o ABSOLUTE
    _printf_truncate_unsigned                0x00000000   Number         0  stubs.o ABSOLUTE
    _printf_u                                0x00000000   Number         0  stubs.o ABSOLUTE
    _printf_wc                               0x00000000   Number         0  stubs.o ABSOLUTE
    _printf_wctomb                           0x00000000   Number         0  stubs.o ABSOLUTE
    _printf_widthprec                        0x00000000   Number         0  stubs.o ABSOLUTE
    _printf_x                                0x00000000   Number         0  stubs.o ABSOLUTE
    __cpp_initialize__aeabi_                  - Undefined Weak Reference
    __cxa_finalize                            - Undefined Weak Reference
    __decompress                              - Undefined Weak Reference
    _clock_init                               - Undefined Weak Reference
    _microlib_exit                            - Undefined Weak Reference
    __Vectors_Size                           0x00000130   Number         0  startup_stm32f10x_hd.o ABSOLUTE
    __Vectors                                0x08000000   Data           4  startup_stm32f10x_hd.o(RESET)
    __Vectors_End                            0x08000130   Data           0  startup_stm32f10x_hd.o(RESET)
    __main                                   0x08000131   Thumb Code     0  entry.o(.ARM.Collect$$$$00000000)
    _main_stk                                0x08000131   Thumb Code     0  entry2.o(.ARM.Collect$$$$00000001)
    _main_scatterload                        0x08000135   Thumb Code     0  entry5.o(.ARM.Collect$$$$00000004)
    __main_after_scatterload                 0x08000139   Thumb Code     0  entry5.o(.ARM.Collect$$$$00000004)
    _main_clock                              0x08000139   Thumb Code     0  entry7b.o(.ARM.Collect$$$$00000008)
    _main_cpp_init                           0x08000139   Thumb Code     0  entry8b.o(.ARM.Collect$$$$0000000A)
    _main_init                               0x08000139   Thumb Code     0  entry9a.o(.ARM.Collect$$$$0000000B)
    __rt_final_cpp                           0x08000141   Thumb Code     0  entry10a.o(.ARM.Collect$$$$0000000D)
    __rt_final_exit                          0x08000141   Thumb Code     0  entry11a.o(.ARM.Collect$$$$0000000F)
    WFI_SET                                  0x08000145   Thumb Code     2  sys.o(.emb_text)
    INTX_DISABLE                             0x08000147   Thumb Code     2  sys.o(.emb_text)
    INTX_ENABLE                              0x08000149   Thumb Code     2  sys.o(.emb_text)
    MSR_MSP                                  0x0800014b   Thumb Code     6  sys.o(.emb_text)
    SystemInit_ExtMemCtl                     0x08000151   Thumb Code     2  startup_stm32f10x_hd.o(.text)
    Reset_Handler                            0x08000153   Thumb Code    14  startup_stm32f10x_hd.o(.text)
    ADC3_IRQHandler                          0x08000173   Thumb Code     0  startup_stm32f10x_hd.o(.text)
    CAN1_RX1_IRQHandler                      0x08000173   Thumb Code     0  startup_stm32f10x_hd.o(.text)
    CAN1_SCE_IRQHandler                      0x08000173   Thumb Code     0  startup_stm32f10x_hd.o(.text)
    DMA1_Channel1_IRQHandler                 0x08000173   Thumb Code     0  startup_stm32f10x_hd.o(.text)
    DMA1_Channel2_IRQHandler                 0x08000173   Thumb Code     0  startup_stm32f10x_hd.o(.text)
    DMA1_Channel3_IRQHandler                 0x08000173   Thumb Code     0  startup_stm32f10x_hd.o(.text)
    DMA1_Channel4_IRQHandler                 0x08000173   Thumb Code     0  startup_stm32f10x_hd.o(.text)
    DMA1_Channel5_IRQHandler                 0x08000173   Thumb Code     0  startup_stm32f10x_hd.o(.text)
    DMA1_Channel6_IRQHandler                 0x08000173   Thumb Code     0  startup_stm32f10x_hd.o(.text)
    DMA1_Channel7_IRQHandler                 0x08000173   Thumb Code     0  startup_stm32f10x_hd.o(.text)
    DMA2_Channel1_IRQHandler                 0x08000173   Thumb Code     0  startup_stm32f10x_hd.o(.text)
    DMA2_Channel2_IRQHandler                 0x08000173   Thumb Code     0  startup_stm32f10x_hd.o(.text)
    DMA2_Channel3_IRQHandler                 0x08000173   Thumb Code     0  startup_stm32f10x_hd.o(.text)
    DMA2_Channel4_5_IRQHandler               0x08000173   Thumb Code     0  startup_stm32f10x_hd.o(.text)
    EXTI0_IRQHandler                         0x08000173   Thumb Code     0  startup_stm32f10x_hd.o(.text)
    EXTI15_10_IRQHandler                     0x08000173   Thumb Code     0  startup_stm32f10x_hd.o(.text)
    EXTI1_IRQHandler                         0x08000173   Thumb Code     0  startup_stm32f10x_hd.o(.text)
    EXTI2_IRQHandler                         0x08000173   Thumb Code     0  startup_stm32f10x_hd.o(.text)
    EXTI3_IRQHandler                         0x08000173   Thumb Code     0  startup_stm32f10x_hd.o(.text)
    EXTI4_IRQHandler                         0x08000173   Thumb Code     0  startup_stm32f10x_hd.o(.text)
    EXTI9_5_IRQHandler                       0x08000173   Thumb Code     0  startup_stm32f10x_hd.o(.text)
    FLASH_IRQHandler                         0x08000173   Thumb Code     0  startup_stm32f10x_hd.o(.text)
    FSMC_IRQHandler                          0x08000173   Thumb Code     0  startup_stm32f10x_hd.o(.text)
    I2C1_ER_IRQHandler                       0x08000173   Thumb Code     0  startup_stm32f10x_hd.o(.text)
    I2C1_EV_IRQHandler                       0x08000173   Thumb Code     0  startup_stm32f10x_hd.o(.text)
    I2C2_ER_IRQHandler                       0x08000173   Thumb Code     0  startup_stm32f10x_hd.o(.text)
    I2C2_EV_IRQHandler                       0x08000173   Thumb Code     0  startup_stm32f10x_hd.o(.text)
    PVD_IRQHandler                           0x08000173   Thumb Code     0  startup_stm32f10x_hd.o(.text)
    RCC_IRQHandler                           0x08000173   Thumb Code     0  startup_stm32f10x_hd.o(.text)
    RTCAlarm_IRQHandler                      0x08000173   Thumb Code     0  startup_stm32f10x_hd.o(.text)
    RTC_IRQHandler                           0x08000173   Thumb Code     0  startup_stm32f10x_hd.o(.text)
    SDIO_IRQHandler                          0x08000173   Thumb Code     0  startup_stm32f10x_hd.o(.text)
    SPI1_IRQHandler                          0x08000173   Thumb Code     0  startup_stm32f10x_hd.o(.text)
    SPI2_IRQHandler                          0x08000173   Thumb Code     0  startup_stm32f10x_hd.o(.text)
    SPI3_IRQHandler                          0x08000173   Thumb Code     0  startup_stm32f10x_hd.o(.text)
    TAMPER_IRQHandler                        0x08000173   Thumb Code     0  startup_stm32f10x_hd.o(.text)
    TIM1_BRK_IRQHandler                      0x08000173   Thumb Code     0  startup_stm32f10x_hd.o(.text)
    TIM1_CC_IRQHandler                       0x08000173   Thumb Code     0  startup_stm32f10x_hd.o(.text)
    TIM1_TRG_COM_IRQHandler                  0x08000173   Thumb Code     0  startup_stm32f10x_hd.o(.text)
    TIM1_UP_IRQHandler                       0x08000173   Thumb Code     0  startup_stm32f10x_hd.o(.text)
    TIM2_IRQHandler                          0x08000173   Thumb Code     0  startup_stm32f10x_hd.o(.text)
    TIM3_IRQHandler                          0x08000173   Thumb Code     0  startup_stm32f10x_hd.o(.text)
    TIM4_IRQHandler                          0x08000173   Thumb Code     0  startup_stm32f10x_hd.o(.text)
    TIM5_IRQHandler                          0x08000173   Thumb Code     0  startup_stm32f10x_hd.o(.text)
    TIM6_IRQHandler                          0x08000173   Thumb Code     0  startup_stm32f10x_hd.o(.text)
    TIM7_IRQHandler                          0x08000173   Thumb Code     0  startup_stm32f10x_hd.o(.text)
    TIM8_BRK_IRQHandler                      0x08000173   Thumb Code     0  startup_stm32f10x_hd.o(.text)
    TIM8_CC_IRQHandler                       0x08000173   Thumb Code     0  startup_stm32f10x_hd.o(.text)
    TIM8_TRG_COM_IRQHandler                  0x08000173   Thumb Code     0  startup_stm32f10x_hd.o(.text)
    TIM8_UP_IRQHandler                       0x08000173   Thumb Code     0  startup_stm32f10x_hd.o(.text)
    UART4_IRQHandler                         0x08000173   Thumb Code     0  startup_stm32f10x_hd.o(.text)
    UART5_IRQHandler                         0x08000173   Thumb Code     0  startup_stm32f10x_hd.o(.text)
    USART1_IRQHandler                        0x08000173   Thumb Code     0  startup_stm32f10x_hd.o(.text)
    USBWakeUp_IRQHandler                     0x08000173   Thumb Code     0  startup_stm32f10x_hd.o(.text)
    USB_HP_CAN1_TX_IRQHandler                0x08000173   Thumb Code     0  startup_stm32f10x_hd.o(.text)
    USB_LP_CAN1_RX0_IRQHandler               0x08000173   Thumb Code     0  startup_stm32f10x_hd.o(.text)
    WWDG_IRQHandler                          0x08000173   Thumb Code     0  startup_stm32f10x_hd.o(.text)
    NVIC_PriorityGroupConfig                 0x08000181   Thumb Code    10  misc.o(.text)
    NVIC_Init                                0x0800018b   Thumb Code   100  misc.o(.text)
    NVIC_SetVectorTable                      0x080001ef   Thumb Code    14  misc.o(.text)
    NVIC_SystemLPConfig                      0x080001fd   Thumb Code    34  misc.o(.text)
    SysTick_CLKSourceConfig                  0x0800021f   Thumb Code    40  misc.o(.text)
    GPIO_DeInit                              0x0800025d   Thumb Code   172  stm32f10x_gpio.o(.text)
    GPIO_AFIODeInit                          0x08000309   Thumb Code    20  stm32f10x_gpio.o(.text)
    GPIO_Init                                0x0800031d   Thumb Code   278  stm32f10x_gpio.o(.text)
    GPIO_StructInit                          0x08000433   Thumb Code    16  stm32f10x_gpio.o(.text)
    GPIO_ReadInputDataBit                    0x08000443   Thumb Code    18  stm32f10x_gpio.o(.text)
    GPIO_ReadInputData                       0x08000455   Thumb Code     8  stm32f10x_gpio.o(.text)
    GPIO_ReadOutputDataBit                   0x0800045d   Thumb Code    18  stm32f10x_gpio.o(.text)
    GPIO_ReadOutputData                      0x0800046f   Thumb Code     8  stm32f10x_gpio.o(.text)
    GPIO_SetBits                             0x08000477   Thumb Code     4  stm32f10x_gpio.o(.text)
    GPIO_ResetBits                           0x0800047b   Thumb Code     4  stm32f10x_gpio.o(.text)
    GPIO_WriteBit                            0x0800047f   Thumb Code    10  stm32f10x_gpio.o(.text)
    GPIO_Write                               0x08000489   Thumb Code     4  stm32f10x_gpio.o(.text)
    GPIO_PinLockConfig                       0x0800048d   Thumb Code    18  stm32f10x_gpio.o(.text)
    GPIO_EventOutputConfig                   0x0800049f   Thumb Code    26  stm32f10x_gpio.o(.text)
    GPIO_EventOutputCmd                      0x080004b9   Thumb Code     6  stm32f10x_gpio.o(.text)
    GPIO_PinRemapConfig                      0x080004bf   Thumb Code   138  stm32f10x_gpio.o(.text)
    GPIO_EXTILineConfig                      0x08000549   Thumb Code    66  stm32f10x_gpio.o(.text)
    GPIO_ETH_MediaInterfaceConfig            0x0800058b   Thumb Code     8  stm32f10x_gpio.o(.text)
    RCC_DeInit                               0x080005b9   Thumb Code    64  stm32f10x_rcc.o(.text)
    RCC_HSEConfig                            0x080005f9   Thumb Code    70  stm32f10x_rcc.o(.text)
    RCC_GetFlagStatus                        0x0800063f   Thumb Code    56  stm32f10x_rcc.o(.text)
    RCC_WaitForHSEStartUp                    0x08000677   Thumb Code    56  stm32f10x_rcc.o(.text)
    RCC_AdjustHSICalibrationValue            0x080006af   Thumb Code    20  stm32f10x_rcc.o(.text)
    RCC_HSICmd                               0x080006c3   Thumb Code     6  stm32f10x_rcc.o(.text)
    RCC_PLLConfig                            0x080006c9   Thumb Code    24  stm32f10x_rcc.o(.text)
    RCC_PLLCmd                               0x080006e1   Thumb Code     6  stm32f10x_rcc.o(.text)
    RCC_SYSCLKConfig                         0x080006e7   Thumb Code    18  stm32f10x_rcc.o(.text)
    RCC_GetSYSCLKSource                      0x080006f9   Thumb Code    10  stm32f10x_rcc.o(.text)
    RCC_HCLKConfig                           0x08000703   Thumb Code    18  stm32f10x_rcc.o(.text)
    RCC_PCLK1Config                          0x08000715   Thumb Code    18  stm32f10x_rcc.o(.text)
    RCC_PCLK2Config                          0x08000727   Thumb Code    20  stm32f10x_rcc.o(.text)
    RCC_ITConfig                             0x0800073b   Thumb Code    26  stm32f10x_rcc.o(.text)
    RCC_USBCLKConfig                         0x08000755   Thumb Code     8  stm32f10x_rcc.o(.text)
    RCC_ADCCLKConfig                         0x0800075d   Thumb Code    18  stm32f10x_rcc.o(.text)
    RCC_LSEConfig                            0x0800076f   Thumb Code    50  stm32f10x_rcc.o(.text)
    RCC_LSICmd                               0x080007a1   Thumb Code     6  stm32f10x_rcc.o(.text)
    RCC_RTCCLKConfig                         0x080007a7   Thumb Code    12  stm32f10x_rcc.o(.text)
    RCC_RTCCLKCmd                            0x080007b3   Thumb Code     8  stm32f10x_rcc.o(.text)
    RCC_GetClocksFreq                        0x080007bb   Thumb Code   192  stm32f10x_rcc.o(.text)
    RCC_AHBPeriphClockCmd                    0x0800087b   Thumb Code    26  stm32f10x_rcc.o(.text)
    RCC_APB2PeriphClockCmd                   0x08000895   Thumb Code    26  stm32f10x_rcc.o(.text)
    RCC_APB1PeriphClockCmd                   0x080008af   Thumb Code    26  stm32f10x_rcc.o(.text)
    RCC_APB2PeriphResetCmd                   0x080008c9   Thumb Code    26  stm32f10x_rcc.o(.text)
    RCC_APB1PeriphResetCmd                   0x080008e3   Thumb Code    26  stm32f10x_rcc.o(.text)
    RCC_BackupResetCmd                       0x080008fd   Thumb Code     8  stm32f10x_rcc.o(.text)
    RCC_ClockSecuritySystemCmd               0x08000905   Thumb Code     6  stm32f10x_rcc.o(.text)
    RCC_MCOConfig                            0x0800090b   Thumb Code     6  stm32f10x_rcc.o(.text)
    RCC_ClearFlag                            0x08000911   Thumb Code    14  stm32f10x_rcc.o(.text)
    RCC_GetITStatus                          0x0800091f   Thumb Code    20  stm32f10x_rcc.o(.text)
    RCC_ClearITPendingBit                    0x08000933   Thumb Code     6  stm32f10x_rcc.o(.text)
    DMA_DeInit                               0x0800095d   Thumb Code   324  stm32f10x_dma.o(.text)
    DMA_Init                                 0x08000aa1   Thumb Code    60  stm32f10x_dma.o(.text)
    DMA_StructInit                           0x08000add   Thumb Code    26  stm32f10x_dma.o(.text)
    DMA_Cmd                                  0x08000af7   Thumb Code    24  stm32f10x_dma.o(.text)
    DMA_ITConfig                             0x08000b0f   Thumb Code    18  stm32f10x_dma.o(.text)
    DMA_SetCurrDataCounter                   0x08000b21   Thumb Code     4  stm32f10x_dma.o(.text)
    DMA_GetCurrDataCounter                   0x08000b25   Thumb Code     8  stm32f10x_dma.o(.text)
    DMA_GetFlagStatus                        0x08000b2d   Thumb Code    40  stm32f10x_dma.o(.text)
    DMA_ClearFlag                            0x08000b55   Thumb Code    22  stm32f10x_dma.o(.text)
    DMA_GetITStatus                          0x08000b6b   Thumb Code    40  stm32f10x_dma.o(.text)
    DMA_ClearITPendingBit                    0x08000b93   Thumb Code    22  stm32f10x_dma.o(.text)
    ADC_DeInit                               0x08000bb1   Thumb Code    78  stm32f10x_adc.o(.text)
    ADC_Init                                 0x08000bff   Thumb Code    70  stm32f10x_adc.o(.text)
    ADC_StructInit                           0x08000c45   Thumb Code    18  stm32f10x_adc.o(.text)
    ADC_Cmd                                  0x08000c57   Thumb Code    22  stm32f10x_adc.o(.text)
    ADC_DMACmd                               0x08000c6d   Thumb Code    22  stm32f10x_adc.o(.text)
    ADC_ITConfig                             0x08000c83   Thumb Code    24  stm32f10x_adc.o(.text)
    ADC_ResetCalibration                     0x08000c9b   Thumb Code    10  stm32f10x_adc.o(.text)
    ADC_GetResetCalibrationStatus            0x08000ca5   Thumb Code    20  stm32f10x_adc.o(.text)
    ADC_StartCalibration                     0x08000cb9   Thumb Code    10  stm32f10x_adc.o(.text)
    ADC_GetCalibrationStatus                 0x08000cc3   Thumb Code    20  stm32f10x_adc.o(.text)
    ADC_SoftwareStartConvCmd                 0x08000cd7   Thumb Code    22  stm32f10x_adc.o(.text)
    ADC_GetSoftwareStartConvStatus           0x08000ced   Thumb Code    20  stm32f10x_adc.o(.text)
    ADC_DiscModeChannelCountConfig           0x08000d01   Thumb Code    24  stm32f10x_adc.o(.text)
    ADC_DiscModeCmd                          0x08000d19   Thumb Code    22  stm32f10x_adc.o(.text)
    ADC_RegularChannelConfig                 0x08000d2f   Thumb Code   184  stm32f10x_adc.o(.text)
    ADC_ExternalTrigConvCmd                  0x08000de7   Thumb Code    22  stm32f10x_adc.o(.text)
    ADC_GetConversionValue                   0x08000dfd   Thumb Code     8  stm32f10x_adc.o(.text)
    ADC_GetDualModeConversionValue           0x08000e05   Thumb Code     8  stm32f10x_adc.o(.text)
    ADC_AutoInjectedConvCmd                  0x08000e0d   Thumb Code    22  stm32f10x_adc.o(.text)
    ADC_InjectedDiscModeCmd                  0x08000e23   Thumb Code    22  stm32f10x_adc.o(.text)
    ADC_ExternalTrigInjectedConvConfig       0x08000e39   Thumb Code    16  stm32f10x_adc.o(.text)
    ADC_ExternalTrigInjectedConvCmd          0x08000e49   Thumb Code    22  stm32f10x_adc.o(.text)
    ADC_SoftwareStartInjectedConvCmd         0x08000e5f   Thumb Code    22  stm32f10x_adc.o(.text)
    ADC_GetSoftwareStartInjectedConvCmdStatus 0x08000e75   Thumb Code    20  stm32f10x_adc.o(.text)
    ADC_InjectedChannelConfig                0x08000e89   Thumb Code   130  stm32f10x_adc.o(.text)
    ADC_InjectedSequencerLengthConfig        0x08000f0b   Thumb Code    24  stm32f10x_adc.o(.text)
    ADC_SetInjectedOffset                    0x08000f23   Thumb Code    20  stm32f10x_adc.o(.text)
    ADC_GetInjectedConversionValue           0x08000f37   Thumb Code    28  stm32f10x_adc.o(.text)
    ADC_AnalogWatchdogCmd                    0x08000f53   Thumb Code    16  stm32f10x_adc.o(.text)
    ADC_AnalogWatchdogThresholdsConfig       0x08000f63   Thumb Code     6  stm32f10x_adc.o(.text)
    ADC_AnalogWatchdogSingleChannelConfig    0x08000f69   Thumb Code    16  stm32f10x_adc.o(.text)
    ADC_TempSensorVrefintCmd                 0x08000f79   Thumb Code    64  stm32f10x_adc.o(.text)
    ADC_GetFlagStatus                        0x08000fb9   Thumb Code    18  stm32f10x_adc.o(.text)
    ADC_ClearFlag                            0x08000fcb   Thumb Code     6  stm32f10x_adc.o(.text)
    ADC_GetITStatus                          0x08000fd1   Thumb Code    36  stm32f10x_adc.o(.text)
    ADC_ClearITPendingBit                    0x08000ff5   Thumb Code    10  stm32f10x_adc.o(.text)
    MY_NVIC_SetVectorTable                   0x08001001   Thumb Code    12  sys.o(.text)
    MY_NVIC_PriorityGroupConfig              0x0800100d   Thumb Code    36  sys.o(.text)
    MY_NVIC_Init                             0x08001031   Thumb Code   106  sys.o(.text)
    Ex_NVIC_Config                           0x0800109b   Thumb Code   146  sys.o(.text)
    MYRCC_DeInit                             0x0800112d   Thumb Code    90  sys.o(.text)
    Sys_Standby                              0x08001187   Thumb Code    68  sys.o(.text)
    Sys_Soft_Reset                           0x080011cb   Thumb Code    12  sys.o(.text)
    JTAG_Set                                 0x080011d7   Thumb Code    42  sys.o(.text)
    Stm32_Clock_Init                         0x08001201   Thumb Code   134  sys.o(.text)
    SysTick_Handler                          0x080012b9   Thumb Code    16  delay.o(.text)
    delay_init                               0x080012c9   Thumb Code    82  delay.o(.text)
    delay_us                                 0x0800131b   Thumb Code    86  delay.o(.text)
    delay_ms                                 0x08001371   Thumb Code    62  delay.o(.text)
    LED_Init                                 0x080013bd   Thumb Code   142  led.o(.text)
    _sys_exit                                0x08001459   Thumb Code     6  usart1.o(.text)
    fputc                                    0x0800145f   Thumb Code    24  usart1.o(.text)
    fgetc                                    0x08001477   Thumb Code    44  usart1.o(.text)
    usart1_init                              0x080014a3   Thumb Code   176  usart1.o(.text)
    USART2_IRQHandler                        0x08001569   Thumb Code    48  usart2.o(.text)
    usart2_init                              0x08001599   Thumb Code   214  usart2.o(.text)
    USART2_Send_Data                         0x0800166f   Thumb Code    70  usart2.o(.text)
    USART2_Receive_Data                      0x080016b5   Thumb Code    56  usart2.o(.text)
    USART3_IRQHandler                        0x08001709   Thumb Code    58  usart3.o(.text)
    usart3_init                              0x08001743   Thumb Code   208  usart3.o(.text)
    USART3_Send_Data                         0x08001813   Thumb Code    54  usart3.o(.text)
    USART3_Receive_Data                      0x08001849   Thumb Code   130  usart3.o(.text)
    USART3_Receive_Data_No_Queue             0x080018cb   Thumb Code    56  usart3.o(.text)
    beep_gpio_config                         0x08001989   Thumb Code    42  beep.o(.text)
    beep_task                                0x080019b3   Thumb Code   334  beep.o(.text)
    replaceRN                                0x08001b75   Thumb Code    32  esp8266.o(.text)
    WIFI_Send_Recv                           0x08001b95   Thumb Code   282  esp8266.o(.text)
    Check_WIFI_ESP8266                       0x08001caf   Thumb Code    82  esp8266.o(.text)
    wifi_connect                             0x08001d01   Thumb Code   154  esp8266.o(.text)
    power_task                               0x08001f51   Thumb Code   114  main.o(.text)
    LED2_task                                0x08001fc3   Thumb Code    52  main.o(.text)
    LED1_task                                0x08001ff7   Thumb Code    34  main.o(.text)
    start_task                               0x08002019   Thumb Code   100  main.o(.text)
    main                                     0x0800207d   Thumb Code   216  main.o(.text)
    NMI_Handler                              0x08002309   Thumb Code     2  stm32f10x_it.o(.text)
    HardFault_Handler                        0x0800230b   Thumb Code     4  stm32f10x_it.o(.text)
    MemManage_Handler                        0x0800230f   Thumb Code     4  stm32f10x_it.o(.text)
    BusFault_Handler                         0x08002313   Thumb Code     4  stm32f10x_it.o(.text)
    UsageFault_Handler                       0x08002317   Thumb Code     4  stm32f10x_it.o(.text)
    SVC_Handler                              0x0800231b   Thumb Code     2  stm32f10x_it.o(.text)
    DebugMon_Handler                         0x0800231d   Thumb Code     2  stm32f10x_it.o(.text)
    ADC1_2_IRQHandler                        0x0800231f   Thumb Code    14  stm32f10x_it.o(.text)
    power_config                             0x08002557   Thumb Code    24  adc.o(.text)
    communication_task                       0x08002599   Thumb Code   950  communication.o(.text)
    wifi_send                                0x0800294f   Thumb Code   724  communication.o(.text)
    wifi_send_cmd                            0x08002c23   Thumb Code   162  communication.o(.text)
    key_init                                 0x08002d3d   Thumb Code    12  keya.o(.text)
    key_press                                0x08002d49   Thumb Code    12  keya.o(.text)
    led_init                                 0x08002d85   Thumb Code    12  leda.o(.text)
    led_red                                  0x08002d91   Thumb Code    30  leda.o(.text)
    led_green                                0x08002daf   Thumb Code    30  leda.o(.text)
    OS_TaskStatStkChk                        0x08002dd1   Thumb Code    54  os_core.o(.text)
    OS_TaskStat                              0x08002e07   Thumb Code   116  os_core.o(.text)
    OS_TaskIdle                              0x08002eaf   Thumb Code    34  os_core.o(.text)
    OS_MemClr                                0x08002f05   Thumb Code    18  os_core.o(.text)
    OSInit                                   0x08003027   Thumb Code    44  os_core.o(.text)
    OSIntEnter                               0x08003053   Thumb Code    28  os_core.o(.text)
    OSIntExit                                0x080030bf   Thumb Code   112  os_core.o(.text)
    OSSchedLock                              0x0800312f   Thumb Code    50  os_core.o(.text)
    OS_Sched                                 0x08003161   Thumb Code    88  os_core.o(.text)
    OSSchedUnlock                            0x080031b9   Thumb Code   236  os_core.o(.text)
    OSStart                                  0x080032a5   Thumb Code    48  os_core.o(.text)
    OSStatInit                               0x080032d5   Thumb Code    62  os_core.o(.text)
    OSTimeTick                               0x08003313   Thumb Code   214  os_core.o(.text)
    OSVersion                                0x080033e9   Thumb Code     6  os_core.o(.text)
    OS_Dummy                                 0x080033ef   Thumb Code     2  os_core.o(.text)
    OS_EventTaskRemove                       0x080033f1   Thumb Code    44  os_core.o(.text)
    OS_EventTaskRdy                          0x0800341d   Thumb Code   164  os_core.o(.text)
    OS_EventTaskWait                         0x080034c1   Thumb Code   114  os_core.o(.text)
    OS_EventWaitListInit                     0x08003533   Thumb Code    30  os_core.o(.text)
    OS_MemCopy                               0x08003551   Thumb Code    20  os_core.o(.text)
    OS_StrLen                                0x08003565   Thumb Code    20  os_core.o(.text)
    OS_TCBInit                               0x08003579   Thumb Code   360  os_core.o(.text)
    OSFlagAccept                             0x080036e9   Thumb Code   252  os_flag.o(.text)
    OSFlagCreate                             0x080037e5   Thumb Code    86  os_flag.o(.text)
    OS_FlagUnlink                            0x0800383b   Thumb Code    36  os_flag.o(.text)
    OSFlagDel                                0x080038b5   Thumb Code   214  os_flag.o(.text)
    OSFlagNameGet                            0x0800398b   Thumb Code    80  os_flag.o(.text)
    OSFlagNameSet                            0x080039db   Thumb Code    66  os_flag.o(.text)
    OSFlagPend                               0x08003ab9   Thumb Code   614  os_flag.o(.text)
    OSFlagPendGetFlagsRdy                    0x08003d1f   Thumb Code    26  os_flag.o(.text)
    OSFlagPost                               0x08003d39   Thumb Code   312  os_flag.o(.text)
    OSFlagQuery                              0x08003e71   Thumb Code    48  os_flag.o(.text)
    OS_FlagInit                              0x08003ea1   Thumb Code    78  os_flag.o(.text)
    OSMboxAccept                             0x08003efd   Thumb Code    38  os_mbox.o(.text)
    OSMboxCreate                             0x08003f23   Thumb Code    68  os_mbox.o(.text)
    OSMboxDel                                0x08003f67   Thumb Code   200  os_mbox.o(.text)
    OSMboxPend                               0x0800402f   Thumb Code   246  os_mbox.o(.text)
    OSMboxPendAbort                          0x08004125   Thumb Code   128  os_mbox.o(.text)
    OSMboxPost                               0x080041a5   Thumb Code    80  os_mbox.o(.text)
    OSMboxPostOpt                            0x080041f5   Thumb Code   120  os_mbox.o(.text)
    OSMboxQuery                              0x0800426d   Thumb Code    76  os_mbox.o(.text)
    OSMutexAccept                            0x080042c9   Thumb Code   136  os_mutex.o(.text)
    OSMutexCreate                            0x08004351   Thumb Code   134  os_mutex.o(.text)
    OSMutexDel                               0x0800444d   Thumb Code   266  os_mutex.o(.text)
    OSMutexPend                              0x08004557   Thumb Code   578  os_mutex.o(.text)
    OSMutexPost                              0x08004799   Thumb Code   186  os_mutex.o(.text)
    OSMutexQuery                             0x08004853   Thumb Code   106  os_mutex.o(.text)
    OSQAccept                                0x080048c9   Thumb Code    88  os_q.o(.text)
    OSQCreate                                0x08004921   Thumb Code   140  os_q.o(.text)
    OSQDel                                   0x080049ad   Thumb Code   236  os_q.o(.text)
    OSQFlush                                 0x08004a99   Thumb Code    36  os_q.o(.text)
    OSQPend                                  0x08004abd   Thumb Code   272  os_q.o(.text)
    OSQPendAbort                             0x08004bcd   Thumb Code   128  os_q.o(.text)
    OSQPost                                  0x08004c4d   Thumb Code   114  os_q.o(.text)
    OSQPostFront                             0x08004cbf   Thumb Code   136  os_q.o(.text)
    OSQPostOpt                               0x08004d47   Thumb Code   182  os_q.o(.text)
    OSQQuery                                 0x08004dfd   Thumb Code    98  os_q.o(.text)
    OS_QInit                                 0x08004e5f   Thumb Code    72  os_q.o(.text)
    OSSemAccept                              0x08004eb1   Thumb Code    42  os_sem.o(.text)
    OSSemCreate                              0x08004edb   Thumb Code    68  os_sem.o(.text)
    OSSemDel                                 0x08004f1f   Thumb Code   200  os_sem.o(.text)
    OSSemPend                                0x08004fe7   Thumb Code   222  os_sem.o(.text)
    OSSemPendAbort                           0x080050c5   Thumb Code   128  os_sem.o(.text)
    OSSemPost                                0x08005145   Thumb Code    88  os_sem.o(.text)
    OSSemQuery                               0x0800519d   Thumb Code    76  os_sem.o(.text)
    OSSemSet                                 0x080051e9   Thumb Code    66  os_sem.o(.text)
    OSTaskChangePrio                         0x0800523d   Thumb Code   328  os_task.o(.text)
    OSTaskCreate                             0x08005385   Thumb Code   148  os_task.o(.text)
    OS_TaskStkClr                            0x08005419   Thumb Code    26  os_task.o(.text)
    OSTaskCreateExt                          0x08005433   Thumb Code   170  os_task.o(.text)
    OSTaskDel                                0x080054dd   Thumb Code   298  os_task.o(.text)
    OSTaskDelReq                             0x08005607   Thumb Code   144  os_task.o(.text)
    OSTaskNameGet                            0x08005697   Thumb Code   114  os_task.o(.text)
    OSTaskNameSet                            0x08005709   Thumb Code    98  os_task.o(.text)
    OSTaskResume                             0x0800576b   Thumb Code   160  os_task.o(.text)
    OSTaskStkChk                             0x0800580b   Thumb Code   132  os_task.o(.text)
    OSTaskSuspend                            0x0800588f   Thumb Code   154  os_task.o(.text)
    OSTaskQuery                              0x08005929   Thumb Code    82  os_task.o(.text)
    OSTaskRegGet                             0x0800597b   Thumb Code    60  os_task.o(.text)
    OSTaskRegSet                             0x080059b7   Thumb Code    62  os_task.o(.text)
    OS_TaskReturn                            0x080059f5   Thumb Code    18  os_task.o(.text)
    OSTimeDly                                0x08005a21   Thumb Code   102  os_time.o(.text)
    OSTimeDlyHMSM                            0x08005a87   Thumb Code    86  os_time.o(.text)
    OSTimeDlyResume                          0x08005add   Thumb Code   172  os_time.o(.text)
    OSTimeGet                                0x08005b89   Thumb Code    24  os_time.o(.text)
    OSTimeSet                                0x08005ba1   Thumb Code    24  os_time.o(.text)
    OS_CPU_SR_Save                           0x08005bd5   Thumb Code     0  os_cpu_a.o(.text)
    OS_CPU_SR_Restore                        0x08005bdd   Thumb Code     0  os_cpu_a.o(.text)
    OSStartHighRdy                           0x08005be3   Thumb Code     0  os_cpu_a.o(.text)
    OSCtxSw                                  0x08005c05   Thumb Code     0  os_cpu_a.o(.text)
    OSIntCtxSw                               0x08005c13   Thumb Code     0  os_cpu_a.o(.text)
    PendSV_Handler                           0x08005c23   Thumb Code     0  os_cpu_a.o(.text)
    OSInitHookBegin                          0x08005c89   Thumb Code     2  os_cpu_c.o(.text)
    OSInitHookEnd                            0x08005c8b   Thumb Code     2  os_cpu_c.o(.text)
    OSTaskCreateHook                         0x08005c8d   Thumb Code     2  os_cpu_c.o(.text)
    OSTaskDelHook                            0x08005c8f   Thumb Code     2  os_cpu_c.o(.text)
    OSTaskIdleHook                           0x08005c91   Thumb Code     2  os_cpu_c.o(.text)
    OSTaskStatHook                           0x08005c93   Thumb Code     2  os_cpu_c.o(.text)
    OSTaskStkInit                            0x08005c95   Thumb Code   154  os_cpu_c.o(.text)
    OSTaskSwHook                             0x08005d2f   Thumb Code     2  os_cpu_c.o(.text)
    OSTCBInitHook                            0x08005d31   Thumb Code     2  os_cpu_c.o(.text)
    OSTimeTickHook                           0x08005d33   Thumb Code     2  os_cpu_c.o(.text)
    OSTaskReturnHook                         0x08005d35   Thumb Code     2  os_cpu_c.o(.text)
    __aeabi_memcpy                           0x08005d37   Thumb Code    36  memcpya.o(.text)
    __aeabi_memcpy4                          0x08005d37   Thumb Code     0  memcpya.o(.text)
    __aeabi_memcpy8                          0x08005d37   Thumb Code     0  memcpya.o(.text)
    __aeabi_memset                           0x08005d5b   Thumb Code    14  memseta.o(.text)
    __aeabi_memset4                          0x08005d5b   Thumb Code     0  memseta.o(.text)
    __aeabi_memset8                          0x08005d5b   Thumb Code     0  memseta.o(.text)
    __aeabi_memclr                           0x08005d69   Thumb Code     4  memseta.o(.text)
    __aeabi_memclr4                          0x08005d69   Thumb Code     0  memseta.o(.text)
    __aeabi_memclr8                          0x08005d69   Thumb Code     0  memseta.o(.text)
    _memset$wrapper                          0x08005d6d   Thumb Code    18  memseta.o(.text)
    strstr                                   0x08005d7f   Thumb Code    36  strstr.o(.text)
    strncpy                                  0x08005da3   Thumb Code    24  strncpy.o(.text)
    strlen                                   0x08005dbb   Thumb Code    14  strlen.o(.text)
    strcpy                                   0x08005dc9   Thumb Code    18  strcpy.o(.text)
    strncmp                                  0x08005ddb   Thumb Code    30  strncmp.o(.text)
    atoi                                     0x08005df9   Thumb Code    26  atoi.o(.text)
    __aeabi_fadd                             0x08005e13   Thumb Code   164  fadd.o(.text)
    __aeabi_fsub                             0x08005eb7   Thumb Code     6  fadd.o(.text)
    __aeabi_frsub                            0x08005ebd   Thumb Code     6  fadd.o(.text)
    __aeabi_fmul                             0x08005ec3   Thumb Code   100  fmul.o(.text)
    __aeabi_fdiv                             0x08005f27   Thumb Code   124  fdiv.o(.text)
    __aeabi_ui2f                             0x08005fa3   Thumb Code    10  ffltui.o(.text)
    __aeabi_f2uiz                            0x08005fad   Thumb Code    40  ffixui.o(.text)
    __aeabi_f2d                              0x08005fd5   Thumb Code    38  f2d.o(.text)
    __aeabi_uidiv                            0x08005ffb   Thumb Code     0  uidiv.o(.text)
    __aeabi_uidivmod                         0x08005ffb   Thumb Code    44  uidiv.o(.text)
    __aeabi_uldivmod                         0x08006027   Thumb Code    98  uldiv.o(.text)
    strtol                                   0x08006089   Thumb Code   112  strtol.o(.text)
    __I$use$fp                               0x080060f9   Thumb Code     0  iusefp.o(.text)
    _float_round                             0x080060f9   Thumb Code    18  fepilogue.o(.text)
    _float_epilogue                          0x0800610b   Thumb Code    92  fepilogue.o(.text)
    __aeabi_dadd                             0x08006167   Thumb Code   322  dadd.o(.text)
    __aeabi_dsub                             0x080062a9   Thumb Code     6  dadd.o(.text)
    __aeabi_drsub                            0x080062af   Thumb Code     6  dadd.o(.text)
    __aeabi_dmul                             0x080062b5   Thumb Code   228  dmul.o(.text)
    __aeabi_ddiv                             0x08006399   Thumb Code   222  ddiv.o(.text)
    __aeabi_d2ulz                            0x08006477   Thumb Code    48  dfixul.o(.text)
    __aeabi_cdrcmple                         0x080064a9   Thumb Code    48  cdrcmple.o(.text)
    __scatterload                            0x080064d9   Thumb Code    28  init.o(.text)
    __scatterload_rt2                        0x080064d9   Thumb Code     0  init.o(.text)
    __aeabi_llsl                             0x080064fd   Thumb Code    30  llshl.o(.text)
    _ll_shift_l                              0x080064fd   Thumb Code     0  llshl.o(.text)
    __aeabi_llsr                             0x0800651b   Thumb Code    32  llushr.o(.text)
    _ll_ushift_r                             0x0800651b   Thumb Code     0  llushr.o(.text)
    __aeabi_lasr                             0x0800653b   Thumb Code    36  llsshr.o(.text)
    _ll_sshift_r                             0x0800653b   Thumb Code     0  llsshr.o(.text)
    __rt_ctype_table                         0x08006561   Thumb Code     4  ctype_o.o(.text)
    _strtoul                                 0x08006569   Thumb Code   158  _strtoul.o(.text)
    _double_round                            0x08006607   Thumb Code    30  depilogue.o(.text)
    _double_epilogue                         0x08006625   Thumb Code   156  depilogue.o(.text)
    _chval                                   0x080066c1   Thumb Code    28  _chval.o(.text)
    __0printf                                0x080066dd   Thumb Code    22  printfa.o(i.__0printf)
    __1printf                                0x080066dd   Thumb Code     0  printfa.o(i.__0printf)
    __2printf                                0x080066dd   Thumb Code     0  printfa.o(i.__0printf)
    __c89printf                              0x080066dd   Thumb Code     0  printfa.o(i.__0printf)
    printf                                   0x080066dd   Thumb Code     0  printfa.o(i.__0printf)
    __0sprintf                               0x080066fd   Thumb Code    34  printfa.o(i.__0sprintf)
    __1sprintf                               0x080066fd   Thumb Code     0  printfa.o(i.__0sprintf)
    __2sprintf                               0x080066fd   Thumb Code     0  printfa.o(i.__0sprintf)
    __c89sprintf                             0x080066fd   Thumb Code     0  printfa.o(i.__0sprintf)
    sprintf                                  0x080066fd   Thumb Code     0  printfa.o(i.__0sprintf)
    __aeabi_errno_addr                       0x08006725   Thumb Code     4  errno.o(i.__aeabi_errno_addr)
    __rt_errno_addr                          0x08006725   Thumb Code     0  errno.o(i.__aeabi_errno_addr)
    __scatterload_copy                       0x0800672d   Thumb Code    14  handlers.o(i.__scatterload_copy)
    __scatterload_null                       0x0800673b   Thumb Code     2  handlers.o(i.__scatterload_null)
    __scatterload_zeroinit                   0x0800673d   Thumb Code    14  handlers.o(i.__scatterload_zeroinit)
    OSUnMapTbl                               0x08007008   Data         256  os_core.o(.constdata)
    __ctype_table                            0x08007108   Data         129  ctype_o.o(.constdata)
    Region$$Table$$Base                      0x080072b0   Number         0  anon$$obj.o(Region$$Table)
    Region$$Table$$Limit                     0x080072d0   Number         0  anon$$obj.o(Region$$Table)
    __stdout                                 0x20000018   Data           4  usart1.o(.data)
    USART2_RX_CNT                            0x2000001c   Data           2  usart2.o(.data)
    USART3_RX_CNT                            0x2000001e   Data           2  usart3.o(.data)
    err                                      0x20000020   Data           1  main.o(.data)
    WIFI_Sem                                 0x20000024   Data           4  main.o(.data)
    USART2_Mutex                             0x20000028   Data           4  main.o(.data)
    USART3_Mutex                             0x2000002c   Data           4  main.o(.data)
    MboxSem_beep                             0x20000030   Data           4  main.o(.data)
    ADC1ConvertedValue                       0x20000034   Data           2  adc.o(.data)
    ADC3ConvertedValue                       0x20000036   Data           2  adc.o(.data)
    ADC2ConvertedValue                       0x20000038   Data           2  adc.o(.data)
    OSCtxSwCtr                               0x2000003c   Data           4  os_core.o(.data)
    OSEventFreeList                          0x20000040   Data           4  os_core.o(.data)
    OSFlagFreeList                           0x20000044   Data           4  os_core.o(.data)
    OSCPUUsage                               0x20000048   Data           1  os_core.o(.data)
    OSIdleCtrMax                             0x2000004c   Data           4  os_core.o(.data)
    OSIdleCtrRun                             0x20000050   Data           4  os_core.o(.data)
    OSStatRdy                                0x20000054   Data           1  os_core.o(.data)
    OSIntNesting                             0x20000055   Data           1  os_core.o(.data)
    OSLockNesting                            0x20000056   Data           1  os_core.o(.data)
    OSPrioCur                                0x20000057   Data           1  os_core.o(.data)
    OSPrioHighRdy                            0x20000058   Data           1  os_core.o(.data)
    OSRdyGrp                                 0x2000005a   Data           2  os_core.o(.data)
    OSRunning                                0x2000005c   Data           1  os_core.o(.data)
    OSTaskCtr                                0x2000005d   Data           1  os_core.o(.data)
    OSIdleCtr                                0x20000060   Data           4  os_core.o(.data)
    OSTCBCur                                 0x20000064   Data           4  os_core.o(.data)
    OSTCBFreeList                            0x20000068   Data           4  os_core.o(.data)
    OSTCBHighRdy                             0x2000006c   Data           4  os_core.o(.data)
    OSTCBList                                0x20000070   Data           4  os_core.o(.data)
    OSTickStepState                          0x20000074   Data           1  os_core.o(.data)
    OSQFreeList                              0x20000078   Data           4  os_core.o(.data)
    OSTime                                   0x2000007c   Data           4  os_core.o(.data)
    USART2_RX_BUF                            0x20000084   Data        1024  usart2.o(.bss)
    USART3_RX_BUF                            0x20000484   Data        1024  usart3.o(.bss)
    START_TASK_STK                           0x20000888   Data        2048  main.o(.bss)
    LED1_TASK_STK                            0x20001088   Data         512  main.o(.bss)
    LED2_TASK_STK                            0x20001288   Data        2048  main.o(.bss)
    BEEP_TASK_STK                            0x20001a88   Data        1024  main.o(.bss)
    COMMUNICATION_TASK_STK                   0x20001e88   Data        4096  main.o(.bss)
    POWER_TASK_STK                           0x20002e88   Data        2048  main.o(.bss)
    system_param                             0x20003688   Data         104  main.o(.bss)
    ADC_InitStructure                        0x200036f0   Data          20  adc.o(.bss)
    DMA_InitStructure                        0x20003704   Data          44  adc.o(.bss)
    OSEventTbl                               0x20003730   Data         560  os_core.o(.bss)
    OSFlagTbl                                0x20003960   Data          80  os_core.o(.bss)
    OSTaskStatStk                            0x200039b0   Data         512  os_core.o(.bss)
    OSRdyTbl                                 0x20003bb0   Data          16  os_core.o(.bss)
    OSTaskIdleStk                            0x20003bc0   Data         512  os_core.o(.bss)
    OSTCBPrioTbl                             0x20003dc0   Data         512  os_core.o(.bss)
    OSTCBTbl                                 0x20003fc0   Data        2992  os_core.o(.bss)
    OSQTbl                                   0x20004b70   Data         120  os_core.o(.bss)
    __initial_sp                             0x200053e8   Data           0  startup_stm32f10x_hd.o(STACK)



==============================================================================

Memory Map of the image

  Image Entry point : 0x08000131

  Load Region LR_IROM1 (Base: 0x08000000, Size: 0x00007354, Max: 0x00080000, ABSOLUTE)

    Execution Region ER_IROM1 (Exec base: 0x08000000, Load base: 0x08000000, Size: 0x000072d0, Max: 0x00080000, ABSOLUTE)

    Exec Addr    Load Addr    Size         Type   Attr      Idx    E Section Name        Object

    0x08000000   0x08000000   0x00000130   Data   RO            3    RESET               startup_stm32f10x_hd.o
    0x08000130   0x08000130   0x00000000   Code   RO          615  * .ARM.Collect$$$$00000000  mc_w.l(entry.o)
    0x08000130   0x08000130   0x00000004   Code   RO          909    .ARM.Collect$$$$00000001  mc_w.l(entry2.o)
    0x08000134   0x08000134   0x00000004   Code   RO          912    .ARM.Collect$$$$00000004  mc_w.l(entry5.o)
    0x08000138   0x08000138   0x00000000   Code   RO          914    .ARM.Collect$$$$00000008  mc_w.l(entry7b.o)
    0x08000138   0x08000138   0x00000000   Code   RO          916    .ARM.Collect$$$$0000000A  mc_w.l(entry8b.o)
    0x08000138   0x08000138   0x00000008   Code   RO          917    .ARM.Collect$$$$0000000B  mc_w.l(entry9a.o)
    0x08000140   0x08000140   0x00000000   Code   RO          919    .ARM.Collect$$$$0000000D  mc_w.l(entry10a.o)
    0x08000140   0x08000140   0x00000000   Code   RO          921    .ARM.Collect$$$$0000000F  mc_w.l(entry11a.o)
    0x08000140   0x08000140   0x00000004   Code   RO          910    .ARM.Collect$$$$00002712  mc_w.l(entry2.o)
    0x08000144   0x08000144   0x0000000c   Code   RO          168    .emb_text           sys.o
    0x08000150   0x08000150   0x00000030   Code   RO            4    .text               startup_stm32f10x_hd.o
    0x08000180   0x08000180   0x000000dc   Code   RO           10    .text               misc.o
    0x0800025c   0x0800025c   0x0000035c   Code   RO           58    .text               stm32f10x_gpio.o
    0x080005b8   0x080005b8   0x000003a4   Code   RO           70    .text               stm32f10x_rcc.o
    0x0800095c   0x0800095c   0x00000254   Code   RO          126    .text               stm32f10x_dma.o
    0x08000bb0   0x08000bb0   0x0000044e   Code   RO          141    .text               stm32f10x_adc.o
    0x08000ffe   0x08000ffe   0x00000002   PAD
    0x08001000   0x08001000   0x000002b8   Code   RO          169    .text               sys.o
    0x080012b8   0x080012b8   0x00000104   Code   RO          187    .text               delay.o
    0x080013bc   0x080013bc   0x0000009c   Code   RO          235    .text               led.o
    0x08001458   0x08001458   0x00000110   Code   RO          250    .text               usart1.o
    0x08001568   0x08001568   0x000001a0   Code   RO          273    .text               usart2.o
    0x08001708   0x08001708   0x00000280   Code   RO          292    .text               usart3.o
    0x08001988   0x08001988   0x000001ec   Code   RO          321    .text               beep.o
    0x08001b74   0x08001b74   0x000003dc   Code   RO          337    .text               esp8266.o
    0x08001f50   0x08001f50   0x000003b8   Code   RO          362    .text               main.o
    0x08002308   0x08002308   0x0000002c   Code   RO          394    .text               stm32f10x_it.o
    0x08002334   0x08002334   0x00000264   Code   RO          410    .text               adc.o
    0x08002598   0x08002598   0x00000780   Code   RO          426    .text               communication.o
    0x08002d18   0x08002d18   0x00000040   Code   RO          450    .text               keya.o
    0x08002d58   0x08002d58   0x00000078   Code   RO          462    .text               leda.o
    0x08002dd0   0x08002dd0   0x00000918   Code   RO          474    .text               os_core.o
    0x080036e8   0x080036e8   0x00000814   Code   RO          494    .text               os_flag.o
    0x08003efc   0x08003efc   0x000003cc   Code   RO          506    .text               os_mbox.o
    0x080042c8   0x080042c8   0x00000600   Code   RO          524    .text               os_mutex.o
    0x080048c8   0x080048c8   0x000005e8   Code   RO          536    .text               os_q.o
    0x08004eb0   0x08004eb0   0x0000038c   Code   RO          548    .text               os_sem.o
    0x0800523c   0x0800523c   0x000007e4   Code   RO          560    .text               os_task.o
    0x08005a20   0x08005a20   0x000001b4   Code   RO          572    .text               os_time.o
    0x08005bd4   0x08005bd4   0x000000b4   Code   RO          590    .text               os_cpu_a.o
    0x08005c88   0x08005c88   0x000000ae   Code   RO          593    .text               os_cpu_c.o
    0x08005d36   0x08005d36   0x00000024   Code   RO          618    .text               mc_w.l(memcpya.o)
    0x08005d5a   0x08005d5a   0x00000024   Code   RO          620    .text               mc_w.l(memseta.o)
    0x08005d7e   0x08005d7e   0x00000024   Code   RO          622    .text               mc_w.l(strstr.o)
    0x08005da2   0x08005da2   0x00000018   Code   RO          624    .text               mc_w.l(strncpy.o)
    0x08005dba   0x08005dba   0x0000000e   Code   RO          626    .text               mc_w.l(strlen.o)
    0x08005dc8   0x08005dc8   0x00000012   Code   RO          628    .text               mc_w.l(strcpy.o)
    0x08005dda   0x08005dda   0x0000001e   Code   RO          630    .text               mc_w.l(strncmp.o)
    0x08005df8   0x08005df8   0x0000001a   Code   RO          895    .text               mc_w.l(atoi.o)
    0x08005e12   0x08005e12   0x000000b0   Code   RO          897    .text               mf_w.l(fadd.o)
    0x08005ec2   0x08005ec2   0x00000064   Code   RO          899    .text               mf_w.l(fmul.o)
    0x08005f26   0x08005f26   0x0000007c   Code   RO          901    .text               mf_w.l(fdiv.o)
    0x08005fa2   0x08005fa2   0x0000000a   Code   RO          903    .text               mf_w.l(ffltui.o)
    0x08005fac   0x08005fac   0x00000028   Code   RO          905    .text               mf_w.l(ffixui.o)
    0x08005fd4   0x08005fd4   0x00000026   Code   RO          907    .text               mf_w.l(f2d.o)
    0x08005ffa   0x08005ffa   0x0000002c   Code   RO          923    .text               mc_w.l(uidiv.o)
    0x08006026   0x08006026   0x00000062   Code   RO          925    .text               mc_w.l(uldiv.o)
    0x08006088   0x08006088   0x00000070   Code   RO          934    .text               mc_w.l(strtol.o)
    0x080060f8   0x080060f8   0x00000000   Code   RO          936    .text               mc_w.l(iusefp.o)
    0x080060f8   0x080060f8   0x0000006e   Code   RO          937    .text               mf_w.l(fepilogue.o)
    0x08006166   0x08006166   0x0000014e   Code   RO          939    .text               mf_w.l(dadd.o)
    0x080062b4   0x080062b4   0x000000e4   Code   RO          941    .text               mf_w.l(dmul.o)
    0x08006398   0x08006398   0x000000de   Code   RO          943    .text               mf_w.l(ddiv.o)
    0x08006476   0x08006476   0x00000030   Code   RO          945    .text               mf_w.l(dfixul.o)
    0x080064a6   0x080064a6   0x00000002   PAD
    0x080064a8   0x080064a8   0x00000030   Code   RO          947    .text               mf_w.l(cdrcmple.o)
    0x080064d8   0x080064d8   0x00000024   Code   RO          949    .text               mc_w.l(init.o)
    0x080064fc   0x080064fc   0x0000001e   Code   RO          951    .text               mc_w.l(llshl.o)
    0x0800651a   0x0800651a   0x00000020   Code   RO          953    .text               mc_w.l(llushr.o)
    0x0800653a   0x0800653a   0x00000024   Code   RO          955    .text               mc_w.l(llsshr.o)
    0x0800655e   0x0800655e   0x00000002   PAD
    0x08006560   0x08006560   0x00000008   Code   RO          957    .text               mc_w.l(ctype_o.o)
    0x08006568   0x08006568   0x0000009e   Code   RO          985    .text               mc_w.l(_strtoul.o)
    0x08006606   0x08006606   0x000000ba   Code   RO          987    .text               mf_w.l(depilogue.o)
    0x080066c0   0x080066c0   0x0000001c   Code   RO          989    .text               mc_w.l(_chval.o)
    0x080066dc   0x080066dc   0x00000020   Code   RO          867    i.__0printf         mc_w.l(printfa.o)
    0x080066fc   0x080066fc   0x00000028   Code   RO          869    i.__0sprintf        mc_w.l(printfa.o)
    0x08006724   0x08006724   0x00000008   Code   RO          927    i.__aeabi_errno_addr  mc_w.l(errno.o)
    0x0800672c   0x0800672c   0x0000000e   Code   RO          993    i.__scatterload_copy  mc_w.l(handlers.o)
    0x0800673a   0x0800673a   0x00000002   Code   RO          994    i.__scatterload_null  mc_w.l(handlers.o)
    0x0800673c   0x0800673c   0x0000000e   Code   RO          995    i.__scatterload_zeroinit  mc_w.l(handlers.o)
    0x0800674a   0x0800674a   0x00000002   PAD
    0x0800674c   0x0800674c   0x00000184   Code   RO          874    i._fp_digits        mc_w.l(printfa.o)
    0x080068d0   0x080068d0   0x000006dc   Code   RO          875    i._printf_core      mc_w.l(printfa.o)
    0x08006fac   0x08006fac   0x00000024   Code   RO          876    i._printf_post_padding  mc_w.l(printfa.o)
    0x08006fd0   0x08006fd0   0x0000002e   Code   RO          877    i._printf_pre_padding  mc_w.l(printfa.o)
    0x08006ffe   0x08006ffe   0x0000000a   Code   RO          879    i._sputc            mc_w.l(printfa.o)
    0x08007008   0x08007008   0x00000100   Data   RO          476    .constdata          os_core.o
    0x08007108   0x08007108   0x00000081   Data   RO          958    .constdata          mc_w.l(ctype_o.o)
    0x08007189   0x08007189   0x00000003   PAD
    0x0800718c   0x0800718c   0x00000004   Data   RO          959    .constdata          mc_w.l(ctype_o.o)
    0x08007190   0x08007190   0x00000043   Data   RO          338    .conststring        esp8266.o
    0x080071d3   0x080071d3   0x00000001   PAD
    0x080071d4   0x080071d4   0x000000da   Data   RO          427    .conststring        communication.o
    0x080072ae   0x080072ae   0x00000002   PAD
    0x080072b0   0x080072b0   0x00000020   Data   RO          991    Region$$Table       anon$$obj.o


    Execution Region RW_IRAM1 (Exec base: 0x20000000, Load base: 0x080072d0, Size: 0x000053e8, Max: 0x00010000, ABSOLUTE)

    Exec Addr    Load Addr    Size         Type   Attr      Idx    E Section Name        Object

    0x20000000   0x080072d0   0x00000014   Data   RW           71    .data               stm32f10x_rcc.o
    0x20000014   0x080072e4   0x00000004   Data   RW          188    .data               delay.o
    0x20000018   0x080072e8   0x00000004   Data   RW          251    .data               usart1.o
    0x2000001c   0x080072ec   0x00000002   Data   RW          275    .data               usart2.o
    0x2000001e   0x080072ee   0x00000002   Data   RW          294    .data               usart3.o
    0x20000020   0x080072f0   0x00000014   Data   RW          364    .data               main.o
    0x20000034   0x08007304   0x00000006   Data   RW          412    .data               adc.o
    0x2000003a   0x0800730a   0x00000002   PAD
    0x2000003c   0x0800730c   0x00000044   Data   RW          477    .data               os_core.o
    0x20000080   0x08007350   0x00000004   Data   RW          930    .data               mc_w.l(errno.o)
    0x20000084        -       0x00000400   Zero   RW          274    .bss                usart2.o
    0x20000484        -       0x00000400   Zero   RW          293    .bss                usart3.o
    0x20000884   0x08007354   0x00000004   PAD
    0x20000888        -       0x00002e68   Zero   RW          363    .bss                main.o
    0x200036f0        -       0x00000040   Zero   RW          411    .bss                adc.o
    0x20003730        -       0x000014b8   Zero   RW          475    .bss                os_core.o
    0x20004be8        -       0x00000800   Zero   RW            1    STACK               startup_stm32f10x_hd.o


==============================================================================

Image component sizes


      Code (inc. data)   RO Data    RW Data    ZI Data      Debug   Object Name

       612         42          0          6         64       2358   adc.o
       492        116          0          0          0       1896   beep.o
      1920        728        218          0          0       2333   communication.o
       260         14          0          4          0      10300   delay.o
       988        438         67          0          0       1611   esp8266.o
        64          4          0          0          0        829   keya.o
       156         14          0          0          0        487   led.o
       120          4          0          0          0        929   leda.o
       952        436          0         20      11880       4322   main.o
       220         22          0          0          0     228265   misc.o
      2328        232        256         68       5304      15243   os_core.o
       180         36          0          0          0        340   os_cpu_a.o
       174          0          0          0          0      10534   os_cpu_c.o
      2068         42          0          0          0       7172   os_flag.o
       972         16          0          0          0       4374   os_mbox.o
      1536         44          0          0          0       4662   os_mutex.o
      1512         30          0          0          0       5837   os_q.o
       908         18          0          0          0       4110   os_sem.o
      2020         70          0          0          0       7849   os_task.o
       436         28          0          0          0       1882   os_time.o
        48         12        304          0       2048        884   startup_stm32f10x_hd.o
      1102         26          0          0          0      20105   stm32f10x_adc.o
       596          8          0          0          0      14214   stm32f10x_dma.o
       860         38          0          0          0       5741   stm32f10x_gpio.o
        44          8          0          0          0       1233   stm32f10x_it.o
       932         36          0         20          0       8944   stm32f10x_rcc.o
       708         50          0          0          0       2887   sys.o
       272         22          0          4          0       3154   usart1.o
       416         28          0          2       1024       2215   usart2.o
       640        134          0          2       1024       2836   usart3.o

    ----------------------------------------------------------------------
     23538       2696        880        128      21348     377546   Object Totals
         0          0         32          0          0          0   (incl. Generated)
         2          0          3          2          4          0   (incl. Padding)

    ----------------------------------------------------------------------

      Code (inc. data)   RO Data    RW Data    ZI Data      Debug   Library Member Name

        28          0          0          0          0         68   _chval.o
       158          0          0          0          0         92   _strtoul.o
        26          0          0          0          0         80   atoi.o
         8          4        133          0          0         68   ctype_o.o
         0          0          0          0          0          0   entry.o
         0          0          0          0          0          0   entry10a.o
         0          0          0          0          0          0   entry11a.o
         8          4          0          0          0          0   entry2.o
         4          0          0          0          0          0   entry5.o
         0          0          0          0          0          0   entry7b.o
         0          0          0          0          0          0   entry8b.o
         8          4          0          0          0          0   entry9a.o
         8          4          0          4          0         68   errno.o
        30          0          0          0          0          0   handlers.o
        36          8          0          0          0         68   init.o
         0          0          0          0          0          0   iusefp.o
        30          0          0          0          0         68   llshl.o
        36          0          0          0          0         68   llsshr.o
        32          0          0          0          0         68   llushr.o
        36          0          0          0          0         68   memcpya.o
        36          0          0          0          0        108   memseta.o
      2308         96          0          0          0        604   printfa.o
        18          0          0          0          0         68   strcpy.o
        14          0          0          0          0         68   strlen.o
        30          0          0          0          0         80   strncmp.o
        24          0          0          0          0         76   strncpy.o
        36          0          0          0          0         80   strstr.o
       112          0          0          0          0         88   strtol.o
        44          0          0          0          0         80   uidiv.o
        98          0          0          0          0         92   uldiv.o
        48          0          0          0          0         68   cdrcmple.o
       334          0          0          0          0        148   dadd.o
       222          0          0          0          0        100   ddiv.o
       186          0          0          0          0        176   depilogue.o
        48          0          0          0          0         68   dfixul.o
       228          0          0          0          0         96   dmul.o
        38          0          0          0          0         68   f2d.o
       176          0          0          0          0        140   fadd.o
       124          0          0          0          0         88   fdiv.o
       110          0          0          0          0        168   fepilogue.o
        40          0          0          0          0         68   ffixui.o
        10          0          0          0          0         68   ffltui.o
       100          0          0          0          0         76   fmul.o

    ----------------------------------------------------------------------
      4838        120        136          4          0       3392   Library Totals
         6          0          3          0          0          0   (incl. Padding)

    ----------------------------------------------------------------------

      Code (inc. data)   RO Data    RW Data    ZI Data      Debug   Library Name

      3168        120        133          4          0       2060   mc_w.l
      1664          0          0          0          0       1332   mf_w.l

    ----------------------------------------------------------------------
      4838        120        136          4          0       3392   Library Totals

    ----------------------------------------------------------------------

==============================================================================


      Code (inc. data)   RO Data    RW Data    ZI Data      Debug   

     28376       2816       1016        132      21348     376878   Grand Totals
     28376       2816       1016        132      21348     376878   ELF Image Totals
     28376       2816       1016        132          0          0   ROM Totals

==============================================================================

    Total RO  Size (Code + RO Data)                29392 (  28.70kB)
    Total RW  Size (RW Data + ZI Data)             21480 (  20.98kB)
    Total ROM Size (Code + RO Data + RW Data)      29524 (  28.83kB)

==============================================================================

